<div class="cell border-box-sizing text_cell rendered"><div class="prompt input_prompt">
</div><div class="inner_cell">
<div class="text_cell_render border-box-sizing rendered_html">
<p>우분투 머신에 하드디스크 추가 및 포맷 후 자동 마운트 설정하기</p>
<h3 id="1.-&#54616;&#46300;&#46356;&#49828;&#53356;-&#49444;&#52824;">1. &#54616;&#46300;&#46356;&#49828;&#53356; &#49444;&#52824;<a class="anchor-link" href="#1.-&#54616;&#46300;&#46356;&#49828;&#53356;-&#49444;&#52824;">&#182;</a></h3><h3 id="2.-&#48512;&#54021;-&#54980;-&#54616;&#46300;&#46356;&#49828;&#53356;-&#54869;&#51064;">2. &#48512;&#54021; &#54980; &#54616;&#46300;&#46356;&#49828;&#53356; &#54869;&#51064;<a class="anchor-link" href="#2.-&#48512;&#54021;-&#54980;-&#54616;&#46300;&#46356;&#49828;&#53356;-&#54869;&#51064;">&#182;</a></h3>
<pre><code>&gt; sudo fdisk -l
...
Disk /dev/sdb: 512.1 GB, 512110190592 bytes
255 heads, 63 sectors/track, 62260 cylinders, total 1000215216 sectors
Units = sectors of 1 * 512 = 512 bytes
Sector size (logical/physical): 512 bytes / 512 bytes
I/O size (minimum/optimal): 512 bytes / 512 bytes
Disk identifier: 0x88f488f4

Disk /dev/sdb doesn't contain a valid partition table
...</code></pre>
<h3 id="3.-&#54028;&#54000;&#49496;-&#49373;&#49457;">3. &#54028;&#54000;&#49496; &#49373;&#49457;<a class="anchor-link" href="#3.-&#54028;&#54000;&#49496;-&#49373;&#49457;">&#182;</a></h3>
<pre><code>&gt; sudo fdisk /dev/sdb
...
Command (m for help): n
Partition type:
   p   primary (0 primary, 0 extended, 4 free)
   e   extended
Select (default p): p
Partition number (1-4, default 1):
Using default value 1
First sector (2048-1000215215, default 2048):
Using default value 2048
Last sector, +sectors or +size{K,M,G} (2048-1000215215, default 1000215215):
Using default value 1000215215

Command (m for help): p

Disk /dev/sdb: 512.1 GB, 512110190592 bytes
255 heads, 63 sectors/track, 62260 cylinders, total 1000215216 sectors
Units = sectors of 1 * 512 = 512 bytes
Sector size (logical/physical): 512 bytes / 512 bytes
I/O size (minimum/optimal): 512 bytes / 512 bytes
Disk identifier: 0xe8bf195f

   Device Boot      Start         End      Blocks   Id  System
/dev/sdb1            2048  1000215215   500106584   83  Linux

Command (m for help): w
The partition table has been altered!</code></pre>
<h3 id="4.-&#54252;&#47607;">4. &#54252;&#47607;<a class="anchor-link" href="#4.-&#54252;&#47607;">&#182;</a></h3>
<pre><code>&gt; sudo mkfs.ext4 /dev/sdb1
mke2fs 1.42.9 (4-Feb-2014)
Discarding device blocks: done                            
Filesystem label=
OS type: Linux
...
Writing superblocks and filesystem accounting information: done</code></pre>
<h3 id="5.-&#47560;&#50868;&#53944;">5. &#47560;&#50868;&#53944;<a class="anchor-link" href="#5.-&#47560;&#50868;&#53944;">&#182;</a></h3><p>uuid 확인</p>

<pre><code>&gt; sudo blkid
...
/dev/sdb1: UUID="d2eac947-9407-40bb-96cb-acd22e9a57c3" TYPE="ext4"
...</code></pre>
<p>fstab 파일에 파티션 추가</p>

<pre><code>&gt; sudo vi /etc/fstab
UUID=d2eac947-9407-40bb-96cb-acd22e9a57c3 /ssd2 ext4 defaults 0 0</code></pre>
<p>마운트 및 확인</p>

<pre><code>&gt; sudo mkdir /ssd2
&gt; sudo mount -a
&gt; df -h
Filesystem      Size  Used Avail Use% Mounted on
...
/dev/sdb1       470G   70M  446G   1% /ssd2</code></pre>

</div>
</div>
</div>
 

