{
 "cells": [
  {
   "cell_type": "markdown",
   "metadata": {},
   "source": [
    "우분투 머신에 하드디스크 추가 및 포맷 후 자동 마운트 설정하기\n",
    "\n",
    "### 1. 하드디스크 설치\n",
    "\n",
    "### 2. 부팅 후 하드디스크 확인\n",
    "\n",
    "```\n",
    "> sudo fdisk -l\n",
    "...\n",
    "Disk /dev/sdb: 512.1 GB, 512110190592 bytes\n",
    "255 heads, 63 sectors/track, 62260 cylinders, total 1000215216 sectors\n",
    "Units = sectors of 1 * 512 = 512 bytes\n",
    "Sector size (logical/physical): 512 bytes / 512 bytes\n",
    "I/O size (minimum/optimal): 512 bytes / 512 bytes\n",
    "Disk identifier: 0x88f488f4\n",
    "\n",
    "Disk /dev/sdb doesn't contain a valid partition table\n",
    "...\n",
    "```\n",
    "\n",
    "### 3. 파티션 생성\n",
    "\n",
    "```\n",
    "> sudo fdisk /dev/sdb\n",
    "...\n",
    "Command (m for help): n\n",
    "Partition type:\n",
    "   p   primary (0 primary, 0 extended, 4 free)\n",
    "   e   extended\n",
    "Select (default p): p\n",
    "Partition number (1-4, default 1):\n",
    "Using default value 1\n",
    "First sector (2048-1000215215, default 2048):\n",
    "Using default value 2048\n",
    "Last sector, +sectors or +size{K,M,G} (2048-1000215215, default 1000215215):\n",
    "Using default value 1000215215\n",
    "\n",
    "Command (m for help): p\n",
    "\n",
    "Disk /dev/sdb: 512.1 GB, 512110190592 bytes\n",
    "255 heads, 63 sectors/track, 62260 cylinders, total 1000215216 sectors\n",
    "Units = sectors of 1 * 512 = 512 bytes\n",
    "Sector size (logical/physical): 512 bytes / 512 bytes\n",
    "I/O size (minimum/optimal): 512 bytes / 512 bytes\n",
    "Disk identifier: 0xe8bf195f\n",
    "\n",
    "   Device Boot      Start         End      Blocks   Id  System\n",
    "/dev/sdb1            2048  1000215215   500106584   83  Linux\n",
    "\n",
    "Command (m for help): w\n",
    "The partition table has been altered!\n",
    "```\n",
    "\n",
    "### 4. 포맷\n",
    "\n",
    "```\n",
    "> sudo mkfs.ext4 /dev/sdb1\n",
    "mke2fs 1.42.9 (4-Feb-2014)\n",
    "Discarding device blocks: done                            \n",
    "Filesystem label=\n",
    "OS type: Linux\n",
    "...\n",
    "Writing superblocks and filesystem accounting information: done\n",
    "```\n",
    "\n",
    "### 5. 마운트\n",
    "\n",
    "uuid 확인\n",
    "\n",
    "```\n",
    "> sudo blkid\n",
    "...\n",
    "/dev/sdb1: UUID=\"d2eac947-9407-40bb-96cb-acd22e9a57c3\" TYPE=\"ext4\"\n",
    "...\n",
    "```\n",
    "\n",
    "fstab 파일에 파티션 추가\n",
    "\n",
    "```\n",
    "> sudo vi /etc/fstab\n",
    "UUID=d2eac947-9407-40bb-96cb-acd22e9a57c3 /ssd2 ext4 defaults 0 0\n",
    "```\n",
    "\n",
    "마운트 및 확인\n",
    "\n",
    "```\n",
    "> sudo mkdir /ssd2\n",
    "> sudo mount -a\n",
    "> df -h\n",
    "Filesystem      Size  Used Avail Use% Mounted on\n",
    "...\n",
    "/dev/sdb1       470G   70M  446G   1% /ssd2\n",
    "```\n"
   ]
  }
 ],
 "metadata": {
  "kernelspec": {
   "display_name": "Python 3",
   "language": "python",
   "name": "python3"
  },
  "language_info": {
   "codemirror_mode": {
    "name": "ipython",
    "version": 3
   },
   "file_extension": ".py",
   "mimetype": "text/x-python",
   "name": "python",
   "nbconvert_exporter": "python",
   "pygments_lexer": "ipython3",
   "version": "3.5.2"
  },
  "nikola": {
   "category": "",
   "date": "2015-01-01 00:00:00 UTC+09:00",
   "description": "",
   "link": "",
   "slug": "2015-Ubuntu-fstab",
   "tags": "",
   "title": "2015-Ubuntu-fstab",
   "type": "text"
  }
 },
 "nbformat": 4,
 "nbformat_minor": 1
}
